TAP version 13
# Subtest: openai/ai-rescue: one skill, scoped MCP, eight reviewer cases
ok 1 - openai/ai-rescue: one skill, scoped MCP, eight reviewer cases
  ---
  duration_ms: 3.096841
  type: 'test'
  ...
# Subtest: openai/workflow-test: one skill, scoped MCP, eight reviewer cases
ok 2 - openai/workflow-test: one skill, scoped MCP, eight reviewer cases
  ---
  duration_ms: 0.485251
  type: 'test'
  ...
# Subtest: openai/brand-velocity: one skill, scoped MCP, eight reviewer cases
ok 3 - openai/brand-velocity: one skill, scoped MCP, eight reviewer cases
  ---
  duration_ms: 0.554029
  type: 'test'
  ...
# Subtest: openai/website-enquiry: one skill, scoped MCP, eight reviewer cases
ok 4 - openai/website-enquiry: one skill, scoped MCP, eight reviewer cases
  ---
  duration_ms: 0.293591
  type: 'test'
  ...
# Subtest: claude/ai-rescue: one skill, scoped MCP, eight reviewer cases
ok 5 - claude/ai-rescue: one skill, scoped MCP, eight reviewer cases
  ---
  duration_ms: 0.270647
  type: 'test'
  ...
# Subtest: claude/workflow-test: one skill, scoped MCP, eight reviewer cases
ok 6 - claude/workflow-test: one skill, scoped MCP, eight reviewer cases
  ---
  duration_ms: 0.405773
  type: 'test'
  ...
# Subtest: claude/brand-velocity: one skill, scoped MCP, eight reviewer cases
ok 7 - claude/brand-velocity: one skill, scoped MCP, eight reviewer cases
  ---
  duration_ms: 0.258494
  type: 'test'
  ...
# Subtest: claude/website-enquiry: one skill, scoped MCP, eight reviewer cases
ok 8 - claude/website-enquiry: one skill, scoped MCP, eight reviewer cases
  ---
  duration_ms: 0.295425
  type: 'test'
  ...
# Subtest: prepared conversations are distinguished from installation; URLs contain only fixed public prompts
ok 9 - prepared conversations are distinguished from installation; URLs contain only fixed public prompts
  ---
  duration_ms: 2.401797
  type: 'test'
  ...
# Subtest: arrival attribution is public metadata only, constrained to brand resources
ok 10 - arrival attribution is public metadata only, constrained to brand resources
  ---
  duration_ms: 0.965592
  type: 'test'
  ...
# Subtest: UI uses text nodes, no answer persistence or raw-html insertion
ok 11 - UI uses text nodes, no answer persistence or raw-html insertion
  ---
  duration_ms: 0.470133
  type: 'test'
  ...
1..11
# tests 11
# suites 0
# pass 11
# fail 0
# cancelled 0
# skipped 0
# todo 0
# duration_ms 230.053743
